// Jest Snapshot v1, https://goo.gl/fbAQLP

exports[`should correctly render TodoList 1`] = `
<div
  className="modal__todo-container"
>
  <span
    className="modal__add-todo"
  >
    –ù–∞ —ç—Ç–æ—Ç –¥–µ–Ω—å —Å–æ–±—ã—Ç–∏–π –Ω–µ –∑–∞–ø–ª–∞–Ω–∏—Ä–æ–≤–∞–Ω–æ. –î–æ–±–∞–≤—å—Ç–µ –≤–∞—à–µ –ø–µ—Ä–≤–æ–µ —Å–æ–±—ã—Ç–∏–µ ü•∫
  </span>
  <div
    className="modal__add-container"
  >
    <input
      className="modal__input"
      data-testid="text"
      id="add-input"
      onBlur={[Function]}
      onChange={[Function]}
      onFocus={[Function]}
      placeholder="–î–æ–±–∞–≤—å—Ç–µ –Ω–æ–≤–æ–µ —Å–æ–±—ã—Ç–∏–µ"
      type="text"
      value=""
    />
    <button
      className="modal__add-button"
      data-testid="add-button"
      onClick={[Function]}
      type="button"
    >
      +
    </button>
  </div>
</div>
`;
