// Jest Snapshot v1, https://goo.gl/fbAQLP

exports[`should correctly render Day 1`] = `[Function]`;
